#-----------------------------------------------------------
# Vivado v2023.1 (64-bit)
# SW Build 3865809 on Sun May  7 15:05:29 MDT 2023
# IP Build 3864474 on Sun May  7 20:36:21 MDT 2023
# SharedData Build 3865790 on Sun May 07 13:33:03 MDT 2023
# Start of session at: Fri Oct  6 15:39:01 2023
# Process ID: 15068
# Current directory: D:/DigitalLogic/lab/CPU_design
# Command line: vivado.exe -gui_launcher_event rodinguilauncherevent5824 D:\DigitalLogic\lab\CPU_design\CPU_design.xpr
# Log file: D:/DigitalLogic/lab/CPU_design/vivado.log
# Journal file: D:/DigitalLogic/lab/CPU_design\vivado.jou
# Running On: LAPTOP-L5KSI83J, OS: Windows, CPU Frequency: 2496 MHz, CPU Physical cores: 6, Host memory: 16940 MB
#-----------------------------------------------------------
start_gui
open_project D:/DigitalLogic/lab/CPU_design/CPU_design.xpr
update_compile_order -fileset sources_1
reset_run synth_1
launch_runs impl_1 -jobs 4
wait_on_run impl_1
open_run impl_1
open_run synth_1 -name synth_1
current_design impl_1
close_design
