#-----------------------------------------------------------
# Vivado v2023.1 (64-bit)
# SW Build 3865809 on Sun May  7 15:05:29 MDT 2023
# IP Build 3864474 on Sun May  7 20:36:21 MDT 2023
# SharedData Build 3865790 on Sun May 07 13:33:03 MDT 2023
# Start of session at: Tue Nov 14 16:29:55 2023
# Process ID: 16972
# Current directory: D:/Downloads/CPU_design_v8.0loadproved
# Command line: vivado.exe -gui_launcher_event rodinguilauncherevent28664 D:\Downloads\CPU_design_v8.0loadproved\project_4.xpr
# Log file: D:/Downloads/CPU_design_v8.0loadproved/vivado.log
# Journal file: D:/Downloads/CPU_design_v8.0loadproved\vivado.jou
# Running On: DESKTOP-29JMRA2, OS: Windows, CPU Frequency: 2304 MHz, CPU Physical cores: 8, Host memory: 16897 MB
#-----------------------------------------------------------
start_gui
open_project D:/Downloads/CPU_design_v8.0loadproved/project_4.xpr
update_compile_order -fileset sources_1
launch_simulation
open_wave_config D:/Downloads/CPU_design_v8.0loadproved/project_4.srcs/sim_1/imports/codes/project_4/tb_cpu_behav.wcfg
source tb_ram_cpu.tcl
close_sim
